{
  "adaptive": 10,
  "certs": 1049187,
  "exact_price_LPs": 4429861,
  "fixed": 1049177,
  "log_count": 132,
  "logs": [
    "check_ll_0000000.out",
    "check_ll_0300000.out",
    "check_ll_0500000.out",
    "check_ll_0600000.out",
    "check_ll_0750000.out",
    "check_ll_0850000.out",
    "check_ll_0910000.out",
    "check_ll_0970000.out",
    "check_ll_1050000.out",
    "check_ll_1130000.out",
    "check_ll_1190000.out",
    "check_ll_1250000.out",
    "check_ll_1310000.out",
    "check_ll_1380000.out",
    "check_ll_1480000.out",
    "check_ll_1550000.out",
    "check_ll_1620000.out",
    "check_ll_1680000.out",
    "check_ll_1750000.out",
    "check_ll_1820000.out",
    "check_ll_1890000.out",
    "check_ll_1960000.out",
    "check_ll_2030000.out",
    "check_ll_2100000.out",
    "check_ll_2170000.out",
    "check_ll_2220000.out",
    "check_ll_2270000.out",
    "check_ll_2320000.out",
    "check_ll_2370000.out",
    "check_ll_2420000.out",
    "check_ll_2470000.out",
    "check_ll_2520000.out",
    "check_ll_2570000.out",
    "check_ll_2620000.out",
    "check_ll_2670000.out",
    "check_ll_2720000.out",
    "check_ll_2770000.out",
    "check_ll_2820000.out",
    "check_ll_2870000.out",
    "check_ll_2920000.out",
    "check_ll_2970000.out",
    "check_ll_3020000.out",
    "check_ll_3070000.out",
    "check_ll_3120000.out",
    "check_ll_3170000.out",
    "check_ll_3220000.out",
    "check_ll_3270000.out",
    "check_ll_3320000.out",
    "check_ll_3370000.out",
    "check_ll_3420000.out",
    "check_ll_3470000.out",
    "check_ll_3520000.out",
    "check_ll_3570000.out",
    "check_ll_3620000.out",
    "check_ll_3670000.out",
    "check_ll_3720000.out",
    "check_ll_3770000.out",
    "check_ll_3820000.out",
    "check_ll_3870000.out",
    "check_ll_3920000.out",
    "check_ll_3970000.out",
    "check_ll_4020000.out",
    "check_ll_4070000.out",
    "check_ll_4120000.out",
    "check_ll_4170000.out",
    "check_ll_4220000.out",
    "check_ll_4270000.out",
    "check_ll_4320000.out",
    "check_ll_4370000.out",
    "check_ll_4420000.out",
    "check_ll_4470000.out",
    "check_ll_4520000.out",
    "check_ll_4570000.out",
    "check_ll_4620000.out",
    "check_ll_4670000.out",
    "check_ll_4720000.out",
    "check_ll_4770000.out",
    "check_ll_4820000.out",
    "check_ll_4870000.out",
    "check_ll_4920000.out",
    "check_ll_4970000.out",
    "check_ll_5020000.out",
    "check_ll_5070000.out",
    "check_ll_5120000.out",
    "check_ll_5170000.out",
    "check_ll_5220000.out",
    "check_ll_5270000.out",
    "check_ll_5320000.out",
    "check_ll_5370000.out",
    "check_ll_5420000.out",
    "check_ll_5470000.out",
    "check_ll_5520000.out",
    "check_ll_5570000.out",
    "check_ll_5620000.out",
    "check_ll_5670000.out",
    "check_ll_5720000.out",
    "check_ll_5770000.out",
    "check_ll_5820000.out",
    "check_ll_5870000.out",
    "check_ll_5920000.out",
    "check_ll_5970000.out",
    "check_ll_6070000.out",
    "check_ll_6170000.out",
    "check_ll_6270000.out",
    "check_ll_6370000.out",
    "check_ll_6470000.out",
    "check_ll_6570000.out",
    "check_ll_6670000.out",
    "check_ll_6770000.out",
    "check_ll_6870000.out",
    "check_ll_6970000.out",
    "check_ll_7070000.out",
    "check_ll_7170000.out",
    "check_ll_7270000.out",
    "check_ll_7370000.out",
    "check_ll_7470000.out",
    "check_ll_7570000.out",
    "check_ll_7670000.out",
    "check_ll_7770000.out",
    "check_ll_7870000.out",
    "check_ll_7970000.out",
    "check_ll_8070000.out",
    "check_ll_8170000.out",
    "check_ll_8270000.out",
    "check_ll_8370000.out",
    "check_ll_8470000.out",
    "check_ll_8570000.out",
    "check_ll_8670000.out",
    "check_ll_8770000.out",
    "check_ll_8870000.out",
    "check_ll_8970000.out",
    "check_ll_9070000.out"
  ],
  "min_exact_price": "1/11",
  "min_singleton_or_sum": "1/1008",
  "open_floor_checks": 6544201,
  "saturation_skips": 122280434
}
