{
  "adaptive": 10,
  "certs": 1049187,
  "exact_price_LPs": 4429861,
  "fixed": 1049177,
  "log_count": 132,
  "logs": [
    "check_gmp_0000000.out",
    "check_gmp_0300000.out",
    "check_gmp_0500000.out",
    "check_gmp_0600000.out",
    "check_gmp_0750000.out",
    "check_gmp_0850000.out",
    "check_gmp_0910000.out",
    "check_gmp_0970000.out",
    "check_gmp_1050000.out",
    "check_gmp_1130000.out",
    "check_gmp_1190000.out",
    "check_gmp_1250000.out",
    "check_gmp_1310000.out",
    "check_gmp_1380000.out",
    "check_gmp_1480000.out",
    "check_gmp_1550000.out",
    "check_gmp_1620000.out",
    "check_gmp_1680000.out",
    "check_gmp_1750000.out",
    "check_gmp_1820000.out",
    "check_gmp_1890000.out",
    "check_gmp_1960000.out",
    "check_gmp_2030000.out",
    "check_gmp_2100000.out",
    "check_gmp_2170000.out",
    "check_gmp_2220000.out",
    "check_gmp_2270000.out",
    "check_gmp_2320000.out",
    "check_gmp_2370000.out",
    "check_gmp_2420000.out",
    "check_gmp_2470000.out",
    "check_gmp_2520000.out",
    "check_gmp_2570000.out",
    "check_gmp_2620000.out",
    "check_gmp_2670000.out",
    "check_gmp_2720000.out",
    "check_gmp_2770000.out",
    "check_gmp_2820000.out",
    "check_gmp_2870000.out",
    "check_gmp_2920000.out",
    "check_gmp_2970000.out",
    "check_gmp_3020000.out",
    "check_gmp_3070000.out",
    "check_gmp_3120000.out",
    "check_gmp_3170000.out",
    "check_gmp_3220000.out",
    "check_gmp_3270000.out",
    "check_gmp_3320000.out",
    "check_gmp_3370000.out",
    "check_gmp_3420000.out",
    "check_gmp_3470000.out",
    "check_gmp_3520000.out",
    "check_gmp_3570000.out",
    "check_gmp_3620000.out",
    "check_gmp_3670000.out",
    "check_gmp_3720000.out",
    "check_gmp_3770000.out",
    "check_gmp_3820000.out",
    "check_gmp_3870000.out",
    "check_gmp_3920000.out",
    "check_gmp_3970000.out",
    "check_gmp_4020000.out",
    "check_gmp_4070000.out",
    "check_gmp_4120000.out",
    "check_gmp_4170000.out",
    "check_gmp_4220000.out",
    "check_gmp_4270000.out",
    "check_gmp_4320000.out",
    "check_gmp_4370000.out",
    "check_gmp_4420000.out",
    "check_gmp_4470000.out",
    "check_gmp_4520000.out",
    "check_gmp_4570000.out",
    "check_gmp_4620000.out",
    "check_gmp_4670000.out",
    "check_gmp_4720000.out",
    "check_gmp_4770000.out",
    "check_gmp_4820000.out",
    "check_gmp_4870000.out",
    "check_gmp_4920000.out",
    "check_gmp_4970000.out",
    "check_gmp_5020000.out",
    "check_gmp_5070000.out",
    "check_gmp_5120000.out",
    "check_gmp_5170000.out",
    "check_gmp_5220000.out",
    "check_gmp_5270000.out",
    "check_gmp_5320000.out",
    "check_gmp_5370000.out",
    "check_gmp_5420000.out",
    "check_gmp_5470000.out",
    "check_gmp_5520000.out",
    "check_gmp_5570000.out",
    "check_gmp_5620000.out",
    "check_gmp_5670000.out",
    "check_gmp_5720000.out",
    "check_gmp_5770000.out",
    "check_gmp_5820000.out",
    "check_gmp_5870000.out",
    "check_gmp_5920000.out",
    "check_gmp_5970000.out",
    "check_gmp_6070000.out",
    "check_gmp_6170000.out",
    "check_gmp_6270000.out",
    "check_gmp_6370000.out",
    "check_gmp_6470000.out",
    "check_gmp_6570000.out",
    "check_gmp_6670000.out",
    "check_gmp_6770000.out",
    "check_gmp_6870000.out",
    "check_gmp_6970000.out",
    "check_gmp_7070000.out",
    "check_gmp_7170000.out",
    "check_gmp_7270000.out",
    "check_gmp_7370000.out",
    "check_gmp_7470000.out",
    "check_gmp_7570000.out",
    "check_gmp_7670000.out",
    "check_gmp_7770000.out",
    "check_gmp_7870000.out",
    "check_gmp_7970000.out",
    "check_gmp_8070000.out",
    "check_gmp_8170000.out",
    "check_gmp_8270000.out",
    "check_gmp_8370000.out",
    "check_gmp_8470000.out",
    "check_gmp_8570000.out",
    "check_gmp_8670000.out",
    "check_gmp_8770000.out",
    "check_gmp_8870000.out",
    "check_gmp_8970000.out",
    "check_gmp_9070000.out"
  ],
  "min_exact_price": "1/11",
  "min_singleton_or_sum": "1/1008",
  "open_floor_checks": 6544201,
  "saturation_skips": 122280434
}
